../Core/Src/lcd.c:14:13:LCD_PrepareLine	24	static
../Core/Src/lcd.c:26:6:LCD_RST	8	static
../Core/Src/lcd.c:35:6:LCD_WriteCmd	16	static
../Core/Src/lcd.c:43:6:LCD_WriteData	16	static
../Core/Src/lcd.c:51:6:LCD_WriteByte	16	static
../Core/Src/lcd.c:59:6:LCD_Init	16	static
../Core/Src/lcd.c:82:6:LCD_SetWindow	32	static
../Core/Src/lcd.c:106:6:HAL_SPI_TxCpltCallback	16	static
../Core/Src/lcd.c:114:6:LCD_DMA_TxDone	8	static
../Core/Src/lcd.c:137:9:LCD_IsDMABusy	4	static
../Core/Src/lcd.c:142:6:LCD_WaitDMA	8	static
../Core/Src/lcd.c:150:6:LCD_DrawPixel	24	static
../Core/Src/lcd.c:169:6:LCD_FillArea	24	static
../Core/Src/lcd.c:193:6:LCD_DrawHLine	32	static
../Core/Src/lcd.c:198:6:LCD_DrawVLine	32	static
../Core/Src/lcd.c:203:6:LCD_FillRect	32	static
../Core/Src/lcd.c:207:6:LCD_Fill	24	static
